// Jest Snapshot v1, https://goo.gl/fbAQLP

exports[`DummyComponent should render correctly 1`] = `
<button
  onClick={[Function]}
  type="button"
>
  Click to increment
</button>
`;
